2026-07-10 21:18:12,526 - aqt.main - INFO - installer 137385189888128 aqtinstall(aqt) v3.3.0 on Python 3.12.3 [CPython GCC 13.3.0]
2026-07-10 21:18:53,744 - aqt.helper - DEBUG - helper 131693302362240 Attempt to download checksum at https://download.qt.io/online/qtsdkrepository/all_os/wasm/qt6_691/qt6_691_wasm_singlethread/Updates.xml.sha256
2026-07-10 21:18:54,663 - aqt.helper - DEBUG - helper 131693302362240 Attempt to download checksum at https://download.qt.io/online/qtsdkrepository/all_os/wasm/qt6_691/qt6_691_wasm_multithread/Updates.xml.sha256
2026-07-10 21:18:55,922 - aqt.helper - DEBUG - helper 126812348170368 Attempt to download checksum at https://download.qt.io/online/qtsdkrepository/all_os/wasm/qt6_691/qt6_691_wasm_multithread/Updates.xml.sha256
2026-07-10 21:18:56,878 - aqt.helper - DEBUG - helper 126812348170368 Attempt to download checksum at https://download.qt.io/online/qtsdkrepository/all_os/extensions/qtpdf/691/wasm_multithread/Updates.xml.sha256
2026-07-10 21:18:57,320 - aqt.helper - DEBUG - helper 126812348170368 Attempt to download checksum at https://download.qt.io/online/qtsdkrepository/all_os/extensions/qtpdf/691/wasm_multithread/Updates.xml.sha256
2026-07-10 21:18:57,811 - aqt.helper - DEBUG - helper 126812348170368 Attempt to download checksum at https://download.qt.io/online/qtsdkrepository/all_os/extensions/qtpdf/691/wasm_multithread/Updates.xml.sha256
2026-07-10 21:18:58,258 - aqt.helper - DEBUG - helper 126812348170368 Attempt to download checksum at https://download.qt.io/online/qtsdkrepository/all_os/extensions/qtpdf/691/wasm_multithread/Updates.xml.sha256
2026-07-10 21:18:58,695 - aqt.helper - DEBUG - helper 126812348170368 Attempt to download checksum at https://download.qt.io/online/qtsdkrepository/all_os/extensions/qtpdf/691/wasm_multithread/Updates.xml.sha256
2026-07-10 21:18:59,200 - aqt.helper - DEBUG - helper 126812348170368 Attempt to download checksum at https://download.qt.io/online/qtsdkrepository/all_os/extensions/qtwebengine/691/wasm_multithread/Updates.xml.sha256
2026-07-10 21:18:59,705 - aqt.helper - DEBUG - helper 126812348170368 Attempt to download checksum at https://download.qt.io/online/qtsdkrepository/all_os/extensions/qtwebengine/691/wasm_multithread/Updates.xml.sha256
2026-07-10 21:19:00,142 - aqt.helper - DEBUG - helper 126812348170368 Attempt to download checksum at https://download.qt.io/online/qtsdkrepository/all_os/extensions/qtwebengine/691/wasm_multithread/Updates.xml.sha256
2026-07-10 21:19:00,593 - aqt.helper - DEBUG - helper 126812348170368 Attempt to download checksum at https://download.qt.io/online/qtsdkrepository/all_os/extensions/qtwebengine/691/wasm_multithread/Updates.xml.sha256
2026-07-10 21:19:01,039 - aqt.helper - DEBUG - helper 126812348170368 Attempt to download checksum at https://download.qt.io/online/qtsdkrepository/all_os/extensions/qtwebengine/691/wasm_multithread/Updates.xml.sha256
2026-07-10 21:19:21,404 - aqt.main - INFO - installer 129293862981760 aqtinstall(aqt) v3.3.0 on Python 3.12.3 [CPython GCC 13.3.0]
2026-07-10 21:19:21,405 - aqt.helper - DEBUG - helper 129293862981760 Attempt to download checksum at https://download.qt.io/online/qtsdkrepository/linux_x64/desktop/qt6_691/qt6_691/Updates.xml.sha256
2026-07-10 21:19:22,292 - aqt.helper - DEBUG - helper 129293862981760 Attempt to download checksum at https://download.qt.io/online/qtsdkrepository/linux_x64/extensions/qtwebengine/691/x86_64/Updates.xml.sha256
2026-07-10 21:19:23,186 - aqt.archives - INFO - archives 129293862981760 Found extension qtwebengine
2026-07-10 21:19:23,187 - aqt.helper - DEBUG - helper 129293862981760 Attempt to download checksum at https://download.qt.io/online/qtsdkrepository/linux_x64/extensions/qtpdf/691/x86_64/Updates.xml.sha256
2026-07-10 21:19:24,097 - aqt.archives - INFO - archives 129293862981760 Found extension qtpdf
2026-07-10 21:19:24,389 - aqt.helper - DEBUG - helper 134842020475008 Attempt to download checksum at https://download.qt.io/online/qtsdkrepository/linux_x64/desktop/qt6_691/qt6_691/qt.qt6.691.linux_gcc_64/6.9.1-0-202505291653qtbase-Linux-RHEL_8_10-GCC-Linux-RHEL_8_10-X86_64.7z.sha256
2026-07-10 21:19:24,397 - aqt.helper - DEBUG - helper 127009234235520 Attempt to download checksum at https://download.qt.io/online/qtsdkrepository/linux_x64/desktop/qt6_691/qt6_691/qt.qt6.691.linux_gcc_64/6.9.1-0-202505291653qtsvg-Linux-RHEL_8_10-GCC-Linux-RHEL_8_10-X86_64.7z.sha256
2026-07-10 21:19:24,407 - aqt.helper - DEBUG - helper 131907612287104 Attempt to download checksum at https://download.qt.io/online/qtsdkrepository/linux_x64/desktop/qt6_691/qt6_691/qt.qt6.691.linux_gcc_64/6.9.1-0-202505291653qtdeclarative-Linux-RHEL_8_10-GCC-Linux-RHEL_8_10-X86_64.7z.sha256
2026-07-10 21:19:24,414 - aqt.helper - DEBUG - helper 124609920594048 Attempt to download checksum at https://download.qt.io/online/qtsdkrepository/linux_x64/desktop/qt6_691/qt6_691/qt.qt6.691.linux_gcc_64/6.9.1-0-202505291653qttools-Linux-RHEL_8_10-GCC-Linux-RHEL_8_10-X86_64.7z.sha256
2026-07-10 21:19:24,857 - aqt.helper - INFO - helper 127009234235520 Downloading qtsvg...
2026-07-10 21:19:24,857 - aqt.installer - DEBUG - installer 127009234235520 Download URL: https://download.qt.io/online/qtsdkrepository/linux_x64/desktop/qt6_691/qt6_691/qt.qt6.691.linux_gcc_64/6.9.1-0-202505291653qtsvg-Linux-RHEL_8_10-GCC-Linux-RHEL_8_10-X86_64.7z
2026-07-10 21:19:24,884 - aqt.helper - INFO - helper 134842020475008 Downloading qtbase...
2026-07-10 21:19:24,885 - aqt.installer - DEBUG - installer 134842020475008 Download URL: https://download.qt.io/online/qtsdkrepository/linux_x64/desktop/qt6_691/qt6_691/qt.qt6.691.linux_gcc_64/6.9.1-0-202505291653qtbase-Linux-RHEL_8_10-GCC-Linux-RHEL_8_10-X86_64.7z
2026-07-10 21:19:24,895 - aqt.helper - INFO - helper 124609920594048 Downloading qttools...
2026-07-10 21:19:24,895 - aqt.helper - INFO - helper 131907612287104 Downloading qtdeclarative...
2026-07-10 21:19:24,895 - aqt.installer - DEBUG - installer 124609920594048 Download URL: https://download.qt.io/online/qtsdkrepository/linux_x64/desktop/qt6_691/qt6_691/qt.qt6.691.linux_gcc_64/6.9.1-0-202505291653qttools-Linux-RHEL_8_10-GCC-Linux-RHEL_8_10-X86_64.7z
2026-07-10 21:19:24,895 - aqt.installer - DEBUG - installer 131907612287104 Download URL: https://download.qt.io/online/qtsdkrepository/linux_x64/desktop/qt6_691/qt6_691/qt.qt6.691.linux_gcc_64/6.9.1-0-202505291653qtdeclarative-Linux-RHEL_8_10-GCC-Linux-RHEL_8_10-X86_64.7z
2026-07-10 21:19:25,294 - aqt.helper - DEBUG - helper 127009234235520 Asked to redirect(302) to: https://qt.mirror.constant.com/online/qtsdkrepository/linux_x64/desktop/qt6_691/qt6_691/qt.qt6.691.linux_gcc_64/6.9.1-0-202505291653qtsvg-Linux-RHEL_8_10-GCC-Linux-RHEL_8_10-X86_64.7z
2026-07-10 21:19:25,294 - aqt.helper - INFO - helper 127009234235520 Redirected: qt.mirror.constant.com
2026-07-10 21:19:25,322 - aqt.helper - DEBUG - helper 134842020475008 Asked to redirect(302) to: https://qt.mirror.constant.com/online/qtsdkrepository/linux_x64/desktop/qt6_691/qt6_691/qt.qt6.691.linux_gcc_64/6.9.1-0-202505291653qtbase-Linux-RHEL_8_10-GCC-Linux-RHEL_8_10-X86_64.7z
2026-07-10 21:19:25,323 - aqt.helper - INFO - helper 134842020475008 Redirected: qt.mirror.constant.com
2026-07-10 21:19:25,338 - aqt.helper - DEBUG - helper 124609920594048 Asked to redirect(302) to: https://qt.mirror.constant.com/online/qtsdkrepository/linux_x64/desktop/qt6_691/qt6_691/qt.qt6.691.linux_gcc_64/6.9.1-0-202505291653qttools-Linux-RHEL_8_10-GCC-Linux-RHEL_8_10-X86_64.7z
2026-07-10 21:19:25,339 - aqt.helper - INFO - helper 124609920594048 Redirected: qt.mirror.constant.com
2026-07-10 21:19:25,368 - aqt.helper - DEBUG - helper 131907612287104 Asked to redirect(302) to: https://qt.mirror.constant.com/online/qtsdkrepository/linux_x64/desktop/qt6_691/qt6_691/qt.qt6.691.linux_gcc_64/6.9.1-0-202505291653qtdeclarative-Linux-RHEL_8_10-GCC-Linux-RHEL_8_10-X86_64.7z
2026-07-10 21:19:25,368 - aqt.helper - INFO - helper 131907612287104 Redirected: qt.mirror.constant.com
2026-07-10 21:19:25,578 - aqt.installer - INFO - installer 127009234235520 Finished installation of qtsvg-Linux-RHEL_8_10-GCC-Linux-RHEL_8_10-X86_64.7z in 1.18338395
2026-07-10 21:19:25,601 - aqt.helper - DEBUG - helper 127009234235520 Attempt to download checksum at https://download.qt.io/online/qtsdkrepository/linux_x64/desktop/qt6_691/qt6_691/qt.qt6.691.linux_gcc_64/6.9.1-0-202505291653qttranslations-Linux-RHEL_8_10-GCC-Linux-RHEL_8_10-X86_64.7z.sha256
2026-07-10 21:19:26,131 - aqt.helper - INFO - helper 127009234235520 Downloading qttranslations...
2026-07-10 21:19:26,132 - aqt.installer - DEBUG - installer 127009234235520 Download URL: https://download.qt.io/online/qtsdkrepository/linux_x64/desktop/qt6_691/qt6_691/qt.qt6.691.linux_gcc_64/6.9.1-0-202505291653qttranslations-Linux-RHEL_8_10-GCC-Linux-RHEL_8_10-X86_64.7z
2026-07-10 21:19:26,648 - aqt.helper - DEBUG - helper 127009234235520 Asked to redirect(302) to: https://qt.mirror.constant.com/online/qtsdkrepository/linux_x64/desktop/qt6_691/qt6_691/qt.qt6.691.linux_gcc_64/6.9.1-0-202505291653qttranslations-Linux-RHEL_8_10-GCC-Linux-RHEL_8_10-X86_64.7z
2026-07-10 21:19:26,649 - aqt.helper - INFO - helper 127009234235520 Redirected: qt.mirror.constant.com
2026-07-10 21:19:27,334 - aqt.installer - INFO - installer 127009234235520 Finished installation of qttranslations-Linux-RHEL_8_10-GCC-Linux-RHEL_8_10-X86_64.7z in 1.73518275
2026-07-10 21:19:27,363 - aqt.helper - DEBUG - helper 127009234235520 Attempt to download checksum at https://download.qt.io/online/qtsdkrepository/linux_x64/desktop/qt6_691/qt6_691/qt.qt6.691.linux_gcc_64/6.9.1-0-202505291653qtwayland-Linux-RHEL_8_10-GCC-Linux-RHEL_8_10-X86_64.7z.sha256
2026-07-10 21:19:27,881 - aqt.helper - INFO - helper 127009234235520 Downloading qtwayland...
2026-07-10 21:19:27,882 - aqt.installer - DEBUG - installer 127009234235520 Download URL: https://download.qt.io/online/qtsdkrepository/linux_x64/desktop/qt6_691/qt6_691/qt.qt6.691.linux_gcc_64/6.9.1-0-202505291653qtwayland-Linux-RHEL_8_10-GCC-Linux-RHEL_8_10-X86_64.7z
2026-07-10 21:19:28,404 - aqt.helper - DEBUG - helper 127009234235520 Asked to redirect(302) to: https://qt.mirror.constant.com/online/qtsdkrepository/linux_x64/desktop/qt6_691/qt6_691/qt.qt6.691.linux_gcc_64/6.9.1-0-202505291653qtwayland-Linux-RHEL_8_10-GCC-Linux-RHEL_8_10-X86_64.7z
2026-07-10 21:19:28,404 - aqt.helper - INFO - helper 127009234235520 Redirected: qt.mirror.constant.com
2026-07-10 21:19:29,047 - aqt.installer - INFO - installer 127009234235520 Finished installation of qtwayland-Linux-RHEL_8_10-GCC-Linux-RHEL_8_10-X86_64.7z in 1.68456141
2026-07-10 21:19:29,078 - aqt.helper - DEBUG - helper 127009234235520 Attempt to download checksum at https://download.qt.io/online/qtsdkrepository/linux_x64/desktop/qt6_691/qt6_691/qt.qt6.691.linux_gcc_64/6.9.1-0-202505291653icu-linux-Rhel8.6-x86_64.7z.sha256
2026-07-10 21:19:29,596 - aqt.helper - INFO - helper 127009234235520 Downloading icu...
2026-07-10 21:19:29,596 - aqt.installer - DEBUG - installer 127009234235520 Download URL: https://download.qt.io/online/qtsdkrepository/linux_x64/desktop/qt6_691/qt6_691/qt.qt6.691.linux_gcc_64/6.9.1-0-202505291653icu-linux-Rhel8.6-x86_64.7z
2026-07-10 21:19:30,119 - aqt.helper - DEBUG - helper 127009234235520 Asked to redirect(302) to: https://qt.mirror.constant.com/online/qtsdkrepository/linux_x64/desktop/qt6_691/qt6_691/qt.qt6.691.linux_gcc_64/6.9.1-0-202505291653icu-linux-Rhel8.6-x86_64.7z
2026-07-10 21:19:30,119 - aqt.helper - INFO - helper 127009234235520 Redirected: qt.mirror.constant.com
2026-07-10 21:19:31,154 - aqt.installer - INFO - installer 134842020475008 Finished installation of qtbase-Linux-RHEL_8_10-GCC-Linux-RHEL_8_10-X86_64.7z in 6.76631668
2026-07-10 21:19:31,341 - aqt.installer - INFO - installer 124609920594048 Finished installation of qttools-Linux-RHEL_8_10-GCC-Linux-RHEL_8_10-X86_64.7z in 6.92936883
2026-07-10 21:19:31,789 - aqt.installer - INFO - installer 127009234235520 Finished installation of icu-linux-Rhel8.6-x86_64.7z in 2.71466336
2026-07-10 21:19:47,342 - aqt.installer - INFO - installer 131907612287104 Finished installation of qtdeclarative-Linux-RHEL_8_10-GCC-Linux-RHEL_8_10-X86_64.7z in 22.93660456
2026-07-10 21:19:47,530 - aqt.updater - INFO - updater 129293862981760 Patching /home/marc/Qt/6.9.1/gcc_64/bin/qmake
2026-07-10 21:19:47,535 - aqt.updater - INFO - updater 129293862981760 Patching /home/marc/Qt/6.9.1/gcc_64/lib/pkgconfig/Qt6QuickWidgets.pc
2026-07-10 21:19:47,536 - aqt.updater - INFO - updater 129293862981760 Patching /home/marc/Qt/6.9.1/gcc_64/lib/pkgconfig/Qt6QuickControls2Universal.pc
2026-07-10 21:19:47,536 - aqt.updater - INFO - updater 129293862981760 Patching /home/marc/Qt/6.9.1/gcc_64/lib/pkgconfig/Qt6QuickControls2Basic.pc
2026-07-10 21:19:47,536 - aqt.updater - INFO - updater 129293862981760 Patching /home/marc/Qt/6.9.1/gcc_64/lib/pkgconfig/Qt6QuickTemplates2.pc
2026-07-10 21:19:47,537 - aqt.updater - INFO - updater 129293862981760 Patching /home/marc/Qt/6.9.1/gcc_64/lib/pkgconfig/Qt6QmlIntegration.pc
2026-07-10 21:19:47,537 - aqt.updater - INFO - updater 129293862981760 Patching /home/marc/Qt/6.9.1/gcc_64/lib/pkgconfig/Qt6Platform.pc
2026-07-10 21:19:47,537 - aqt.updater - INFO - updater 129293862981760 Patching /home/marc/Qt/6.9.1/gcc_64/lib/pkgconfig/Qt6QmlWorkerScript.pc
2026-07-10 21:19:47,537 - aqt.updater - INFO - updater 129293862981760 Patching /home/marc/Qt/6.9.1/gcc_64/lib/pkgconfig/Qt6Xml.pc
2026-07-10 21:19:47,538 - aqt.updater - INFO - updater 129293862981760 Patching /home/marc/Qt/6.9.1/gcc_64/lib/pkgconfig/Qt6QmlLocalStorage.pc
2026-07-10 21:19:47,538 - aqt.updater - INFO - updater 129293862981760 Patching /home/marc/Qt/6.9.1/gcc_64/lib/pkgconfig/Qt6QuickLayouts.pc
2026-07-10 21:19:47,538 - aqt.updater - INFO - updater 129293862981760 Patching /home/marc/Qt/6.9.1/gcc_64/lib/pkgconfig/Qt6QmlModels.pc
2026-07-10 21:19:47,538 - aqt.updater - INFO - updater 129293862981760 Patching /home/marc/Qt/6.9.1/gcc_64/lib/pkgconfig/Qt6QuickControls2MaterialStyleImpl.pc
2026-07-10 21:19:47,539 - aqt.updater - INFO - updater 129293862981760 Patching /home/marc/Qt/6.9.1/gcc_64/lib/pkgconfig/Qt6QmlCompiler.pc
2026-07-10 21:19:47,539 - aqt.updater - INFO - updater 129293862981760 Patching /home/marc/Qt/6.9.1/gcc_64/lib/pkgconfig/Qt6QuickControls2FusionStyleImpl.pc
2026-07-10 21:19:47,539 - aqt.updater - INFO - updater 129293862981760 Patching /home/marc/Qt/6.9.1/gcc_64/lib/pkgconfig/Qt6Help.pc
2026-07-10 21:19:47,539 - aqt.updater - INFO - updater 129293862981760 Patching /home/marc/Qt/6.9.1/gcc_64/lib/pkgconfig/Qt6LabsSharedImage.pc
2026-07-10 21:19:47,540 - aqt.updater - INFO - updater 129293862981760 Patching /home/marc/Qt/6.9.1/gcc_64/lib/pkgconfig/Qt6QuickControls2UniversalStyleImpl.pc
2026-07-10 21:19:47,540 - aqt.updater - INFO - updater 129293862981760 Patching /home/marc/Qt/6.9.1/gcc_64/lib/pkgconfig/Qt6Concurrent.pc
2026-07-10 21:19:47,540 - aqt.updater - INFO - updater 129293862981760 Patching /home/marc/Qt/6.9.1/gcc_64/lib/pkgconfig/Qt6Core.pc
2026-07-10 21:19:47,540 - aqt.updater - INFO - updater 129293862981760 Patching /home/marc/Qt/6.9.1/gcc_64/lib/pkgconfig/Qt6QuickDialogs2.pc
2026-07-10 21:19:47,540 - aqt.updater - INFO - updater 129293862981760 Patching /home/marc/Qt/6.9.1/gcc_64/lib/pkgconfig/Qt6LabsAnimation.pc
2026-07-10 21:19:47,541 - aqt.updater - INFO - updater 129293862981760 Patching /home/marc/Qt/6.9.1/gcc_64/lib/pkgconfig/Qt6Widgets.pc
2026-07-10 21:19:47,541 - aqt.updater - INFO - updater 129293862981760 Patching /home/marc/Qt/6.9.1/gcc_64/lib/pkgconfig/Qt6Gui.pc
2026-07-10 21:19:47,541 - aqt.updater - INFO - updater 129293862981760 Patching /home/marc/Qt/6.9.1/gcc_64/lib/pkgconfig/Qt6LabsPlatform.pc
2026-07-10 21:19:47,541 - aqt.updater - INFO - updater 129293862981760 Patching /home/marc/Qt/6.9.1/gcc_64/lib/pkgconfig/Qt6LabsQmlModels.pc
2026-07-10 21:19:47,542 - aqt.updater - INFO - updater 129293862981760 Patching /home/marc/Qt/6.9.1/gcc_64/lib/pkgconfig/Qt6QuickVectorImage.pc
2026-07-10 21:19:47,542 - aqt.updater - INFO - updater 129293862981760 Patching /home/marc/Qt/6.9.1/gcc_64/lib/pkgconfig/Qt6QuickControls2Imagine.pc
2026-07-10 21:19:47,542 - aqt.updater - INFO - updater 129293862981760 Patching /home/marc/Qt/6.9.1/gcc_64/lib/pkgconfig/Qt6QmlAssetDownloader.pc
2026-07-10 21:19:47,542 - aqt.updater - INFO - updater 129293862981760 Patching /home/marc/Qt/6.9.1/gcc_64/lib/pkgconfig/Qt6Linguist.pc
2026-07-10 21:19:47,542 - aqt.updater - INFO - updater 129293862981760 Patching /home/marc/Qt/6.9.1/gcc_64/lib/pkgconfig/Qt6Sql.pc
2026-07-10 21:19:47,543 - aqt.updater - INFO - updater 129293862981760 Patching /home/marc/Qt/6.9.1/gcc_64/lib/pkgconfig/Qt6QuickDialogs2Utils.pc
2026-07-10 21:19:47,543 - aqt.updater - INFO - updater 129293862981760 Patching /home/marc/Qt/6.9.1/gcc_64/lib/pkgconfig/Qt6PrintSupport.pc
2026-07-10 21:19:47,543 - aqt.updater - INFO - updater 129293862981760 Patching /home/marc/Qt/6.9.1/gcc_64/lib/pkgconfig/Qt6OpenGLWidgets.pc
2026-07-10 21:19:47,544 - aqt.updater - INFO - updater 129293862981760 Patching /home/marc/Qt/6.9.1/gcc_64/lib/pkgconfig/Qt6QuickTest.pc
2026-07-10 21:19:47,544 - aqt.updater - INFO - updater 129293862981760 Patching /home/marc/Qt/6.9.1/gcc_64/lib/pkgconfig/Qt6DBus.pc
2026-07-10 21:19:47,544 - aqt.updater - INFO - updater 129293862981760 Patching /home/marc/Qt/6.9.1/gcc_64/lib/pkgconfig/Qt6QuickEffects.pc
2026-07-10 21:19:47,545 - aqt.updater - INFO - updater 129293862981760 Patching /home/marc/Qt/6.9.1/gcc_64/lib/pkgconfig/Qt6QmlNetwork.pc
2026-07-10 21:19:47,545 - aqt.updater - INFO - updater 129293862981760 Patching /home/marc/Qt/6.9.1/gcc_64/lib/pkgconfig/Qt6LabsFolderListModel.pc
2026-07-10 21:19:47,545 - aqt.updater - INFO - updater 129293862981760 Patching /home/marc/Qt/6.9.1/gcc_64/lib/pkgconfig/Qt6UiPlugin.pc
2026-07-10 21:19:47,545 - aqt.updater - INFO - updater 129293862981760 Patching /home/marc/Qt/6.9.1/gcc_64/lib/pkgconfig/Qt6QuickControls2Impl.pc
2026-07-10 21:19:47,546 - aqt.updater - INFO - updater 129293862981760 Patching /home/marc/Qt/6.9.1/gcc_64/lib/pkgconfig/Qt6QmlXmlListModel.pc
2026-07-10 21:19:47,546 - aqt.updater - INFO - updater 129293862981760 Patching /home/marc/Qt/6.9.1/gcc_64/lib/pkgconfig/Qt6LabsSettings.pc
2026-07-10 21:19:47,546 - aqt.updater - INFO - updater 129293862981760 Patching /home/marc/Qt/6.9.1/gcc_64/lib/pkgconfig/Qt6LabsWavefrontMesh.pc
2026-07-10 21:19:47,546 - aqt.updater - INFO - updater 129293862981760 Patching /home/marc/Qt/6.9.1/gcc_64/lib/pkgconfig/Qt6QmlCore.pc
2026-07-10 21:19:47,547 - aqt.updater - INFO - updater 129293862981760 Patching /home/marc/Qt/6.9.1/gcc_64/lib/pkgconfig/Qt6Svg.pc
2026-07-10 21:19:47,547 - aqt.updater - INFO - updater 129293862981760 Patching /home/marc/Qt/6.9.1/gcc_64/lib/pkgconfig/Qt6QuickControls2FluentWinUI3StyleImpl.pc
2026-07-10 21:19:47,547 - aqt.updater - INFO - updater 129293862981760 Patching /home/marc/Qt/6.9.1/gcc_64/lib/pkgconfig/Qt6QuickDialogs2QuickImpl.pc
2026-07-10 21:19:47,548 - aqt.updater - INFO - updater 129293862981760 Patching /home/marc/Qt/6.9.1/gcc_64/lib/pkgconfig/Qt6SvgWidgets.pc
2026-07-10 21:19:47,548 - aqt.updater - INFO - updater 129293862981760 Patching /home/marc/Qt/6.9.1/gcc_64/lib/pkgconfig/Qt6Quick.pc
2026-07-10 21:19:47,548 - aqt.updater - INFO - updater 129293862981760 Patching /home/marc/Qt/6.9.1/gcc_64/lib/pkgconfig/Qt6OpenGL.pc
2026-07-10 21:19:47,548 - aqt.updater - INFO - updater 129293862981760 Patching /home/marc/Qt/6.9.1/gcc_64/lib/pkgconfig/Qt6QuickControls2.pc
2026-07-10 21:19:47,549 - aqt.updater - INFO - updater 129293862981760 Patching /home/marc/Qt/6.9.1/gcc_64/lib/pkgconfig/Qt6UiTools.pc
2026-07-10 21:19:47,549 - aqt.updater - INFO - updater 129293862981760 Patching /home/marc/Qt/6.9.1/gcc_64/lib/pkgconfig/Qt6Qml.pc
2026-07-10 21:19:47,549 - aqt.updater - INFO - updater 129293862981760 Patching /home/marc/Qt/6.9.1/gcc_64/lib/pkgconfig/Qt6QmlMeta.pc
2026-07-10 21:19:47,550 - aqt.updater - INFO - updater 129293862981760 Patching /home/marc/Qt/6.9.1/gcc_64/lib/pkgconfig/Qt6Test.pc
2026-07-10 21:19:47,550 - aqt.updater - INFO - updater 129293862981760 Patching /home/marc/Qt/6.9.1/gcc_64/lib/pkgconfig/Qt6Network.pc
2026-07-10 21:19:47,550 - aqt.updater - INFO - updater 129293862981760 Patching /home/marc/Qt/6.9.1/gcc_64/lib/pkgconfig/Qt6QuickControls2Fusion.pc
2026-07-10 21:19:47,550 - aqt.updater - INFO - updater 129293862981760 Patching /home/marc/Qt/6.9.1/gcc_64/lib/pkgconfig/Qt6QuickControls2ImagineStyleImpl.pc
2026-07-10 21:19:47,550 - aqt.updater - INFO - updater 129293862981760 Patching /home/marc/Qt/6.9.1/gcc_64/lib/pkgconfig/Qt6QuickControls2BasicStyleImpl.pc
2026-07-10 21:19:47,551 - aqt.updater - INFO - updater 129293862981760 Patching /home/marc/Qt/6.9.1/gcc_64/lib/pkgconfig/Qt6WaylandClient.pc
2026-07-10 21:19:47,551 - aqt.updater - INFO - updater 129293862981760 Patching /home/marc/Qt/6.9.1/gcc_64/lib/pkgconfig/Qt6Designer.pc
2026-07-10 21:19:47,551 - aqt.updater - INFO - updater 129293862981760 Patching /home/marc/Qt/6.9.1/gcc_64/lib/pkgconfig/Qt6QuickControls2Material.pc
2026-07-10 21:19:47,552 - aqt.updater - INFO - updater 129293862981760 Patching /home/marc/Qt/6.9.1/gcc_64/lib/libQt6QuickControls2Basic.prl
2026-07-10 21:19:47,553 - aqt.updater - INFO - updater 129293862981760 Patching /home/marc/Qt/6.9.1/gcc_64/lib/libQt6QmlToolingSettings.prl
2026-07-10 21:19:47,553 - aqt.updater - INFO - updater 129293862981760 Patching /home/marc/Qt/6.9.1/gcc_64/lib/libQt6Svg.prl
2026-07-10 21:19:47,553 - aqt.updater - INFO - updater 129293862981760 Patching /home/marc/Qt/6.9.1/gcc_64/lib/libQt6ExampleIcons.prl
2026-07-10 21:19:47,553 - aqt.updater - INFO - updater 129293862981760 Patching /home/marc/Qt/6.9.1/gcc_64/lib/libQt6QmlXmlListModel.prl
2026-07-10 21:19:47,554 - aqt.updater - INFO - updater 129293862981760 Patching /home/marc/Qt/6.9.1/gcc_64/lib/libQt6LabsQmlModels.prl
2026-07-10 21:19:47,554 - aqt.updater - INFO - updater 129293862981760 Patching /home/marc/Qt/6.9.1/gcc_64/lib/libQt6Concurrent.prl
2026-07-10 21:19:47,554 - aqt.updater - INFO - updater 129293862981760 Patching /home/marc/Qt/6.9.1/gcc_64/lib/libQt6ExamplesAssetDownloader.prl
2026-07-10 21:19:47,554 - aqt.updater - INFO - updater 129293862981760 Patching /home/marc/Qt/6.9.1/gcc_64/lib/libQt6Core.prl
2026-07-10 21:19:47,554 - aqt.updater - INFO - updater 129293862981760 Patching /home/marc/Qt/6.9.1/gcc_64/lib/libQt6QuickControls2Material.prl
2026-07-10 21:19:47,555 - aqt.updater - INFO - updater 129293862981760 Patching /home/marc/Qt/6.9.1/gcc_64/lib/libQt6QuickControls2Imagine.prl
2026-07-10 21:19:47,555 - aqt.updater - INFO - updater 129293862981760 Patching /home/marc/Qt/6.9.1/gcc_64/lib/libQt6QuickControls2FluentWinUI3StyleImpl.prl
2026-07-10 21:19:47,555 - aqt.updater - INFO - updater 129293862981760 Patching /home/marc/Qt/6.9.1/gcc_64/lib/libQt6EglFsKmsGbmSupport.prl
2026-07-10 21:19:47,555 - aqt.updater - INFO - updater 129293862981760 Patching /home/marc/Qt/6.9.1/gcc_64/lib/libQt6WlShellIntegration.prl
2026-07-10 21:19:47,556 - aqt.updater - INFO - updater 129293862981760 Patching /home/marc/Qt/6.9.1/gcc_64/lib/libQt6Network.prl
2026-07-10 21:19:47,556 - aqt.updater - INFO - updater 129293862981760 Patching /home/marc/Qt/6.9.1/gcc_64/lib/libQt6QuickControls2.prl
2026-07-10 21:19:47,556 - aqt.updater - INFO - updater 129293862981760 Patching /home/marc/Qt/6.9.1/gcc_64/lib/libQt6QmlLocalStorage.prl
2026-07-10 21:19:47,556 - aqt.updater - INFO - updater 129293862981760 Patching /home/marc/Qt/6.9.1/gcc_64/lib/libQt6OpenGL.prl
2026-07-10 21:19:47,556 - aqt.updater - INFO - updater 129293862981760 Patching /home/marc/Qt/6.9.1/gcc_64/lib/libQt6Quick.prl
2026-07-10 21:19:47,557 - aqt.updater - INFO - updater 129293862981760 Patching /home/marc/Qt/6.9.1/gcc_64/lib/libQt6LabsSettings.prl
2026-07-10 21:19:47,557 - aqt.updater - INFO - updater 129293862981760 Patching /home/marc/Qt/6.9.1/gcc_64/lib/libQt6QuickControls2UniversalStyleImpl.prl
2026-07-10 21:19:47,557 - aqt.updater - INFO - updater 129293862981760 Patching /home/marc/Qt/6.9.1/gcc_64/lib/libQt6QmlTypeRegistrar.prl
2026-07-10 21:19:47,557 - aqt.updater - INFO - updater 129293862981760 Patching /home/marc/Qt/6.9.1/gcc_64/lib/libQt6QuickWidgets.prl
2026-07-10 21:19:47,557 - aqt.updater - INFO - updater 129293862981760 Patching /home/marc/Qt/6.9.1/gcc_64/lib/libQt6QmlAssetDownloader.prl
2026-07-10 21:19:47,558 - aqt.updater - INFO - updater 129293862981760 Patching /home/marc/Qt/6.9.1/gcc_64/lib/libQt6QuickControls2MaterialStyleImpl.prl
2026-07-10 21:19:47,558 - aqt.updater - INFO - updater 129293862981760 Patching /home/marc/Qt/6.9.1/gcc_64/lib/libQt6LabsPlatform.prl
2026-07-10 21:19:47,558 - aqt.updater - INFO - updater 129293862981760 Patching /home/marc/Qt/6.9.1/gcc_64/lib/libQt6Xml.prl
2026-07-10 21:19:47,558 - aqt.updater - INFO - updater 129293862981760 Patching /home/marc/Qt/6.9.1/gcc_64/lib/libQt6QuickDialogs2Utils.prl
2026-07-10 21:19:47,559 - aqt.updater - INFO - updater 129293862981760 Patching /home/marc/Qt/6.9.1/gcc_64/lib/libQt6KmsSupport.prl
2026-07-10 21:19:47,559 - aqt.updater - INFO - updater 129293862981760 Patching /home/marc/Qt/6.9.1/gcc_64/lib/libQt6QmlCompiler.prl
2026-07-10 21:19:47,559 - aqt.updater - INFO - updater 129293862981760 Patching /home/marc/Qt/6.9.1/gcc_64/lib/libQt6QuickEffects.prl
2026-07-10 21:19:47,559 - aqt.updater - INFO - updater 129293862981760 Patching /home/marc/Qt/6.9.1/gcc_64/lib/libQt6QmlLS.prl
2026-07-10 21:19:47,560 - aqt.updater - INFO - updater 129293862981760 Patching /home/marc/Qt/6.9.1/gcc_64/lib/libQt6LabsSharedImage.prl
2026-07-10 21:19:47,560 - aqt.updater - INFO - updater 129293862981760 Patching /home/marc/Qt/6.9.1/gcc_64/lib/libQt6XcbQpa.prl
2026-07-10 21:19:47,560 - aqt.updater - INFO - updater 129293862981760 Patching /home/marc/Qt/6.9.1/gcc_64/lib/libQt6Sql.prl
2026-07-10 21:19:47,560 - aqt.updater - INFO - updater 129293862981760 Patching /home/marc/Qt/6.9.1/gcc_64/lib/libQt6OpenGLWidgets.prl
2026-07-10 21:19:47,561 - aqt.updater - INFO - updater 129293862981760 Patching /home/marc/Qt/6.9.1/gcc_64/lib/libQt6DBus.prl
2026-07-10 21:19:47,561 - aqt.updater - INFO - updater 129293862981760 Patching /home/marc/Qt/6.9.1/gcc_64/lib/libQt6QuickTemplates2.prl
2026-07-10 21:19:47,561 - aqt.updater - INFO - updater 129293862981760 Patching /home/marc/Qt/6.9.1/gcc_64/lib/libQt6QuickControls2FusionStyleImpl.prl
2026-07-10 21:19:47,562 - aqt.updater - INFO - updater 129293862981760 Patching /home/marc/Qt/6.9.1/gcc_64/lib/libQt6QmlFormat.prl
2026-07-10 21:19:47,562 - aqt.updater - INFO - updater 129293862981760 Patching /home/marc/Qt/6.9.1/gcc_64/lib/libQt6QmlNetwork.prl
2026-07-10 21:19:47,562 - aqt.updater - INFO - updater 129293862981760 Patching /home/marc/Qt/6.9.1/gcc_64/lib/libQt6QuickControls2Impl.prl
2026-07-10 21:19:47,563 - aqt.updater - INFO - updater 129293862981760 Patching /home/marc/Qt/6.9.1/gcc_64/lib/libQt6Help.prl
2026-07-10 21:19:47,563 - aqt.updater - INFO - updater 129293862981760 Patching /home/marc/Qt/6.9.1/gcc_64/lib/libQt6QuickShapes.prl
2026-07-10 21:19:47,563 - aqt.updater - INFO - updater 129293862981760 Patching /home/marc/Qt/6.9.1/gcc_64/lib/libQt6Test.prl
2026-07-10 21:19:47,563 - aqt.updater - INFO - updater 129293862981760 Patching /home/marc/Qt/6.9.1/gcc_64/lib/libQt6DesignerComponents.prl
2026-07-10 21:19:47,564 - aqt.updater - INFO - updater 129293862981760 Patching /home/marc/Qt/6.9.1/gcc_64/lib/libQt6QuickParticles.prl
2026-07-10 21:19:47,564 - aqt.updater - INFO - updater 129293862981760 Patching /home/marc/Qt/6.9.1/gcc_64/lib/libQt6QmlCore.prl
2026-07-10 21:19:47,564 - aqt.updater - INFO - updater 129293862981760 Patching /home/marc/Qt/6.9.1/gcc_64/lib/libQt6QuickVectorImage.prl
2026-07-10 21:19:47,564 - aqt.updater - INFO - updater 129293862981760 Patching /home/marc/Qt/6.9.1/gcc_64/lib/libQt6FbSupport.prl
2026-07-10 21:19:47,564 - aqt.updater - INFO - updater 129293862981760 Patching /home/marc/Qt/6.9.1/gcc_64/lib/libQt6InputSupport.prl
2026-07-10 21:19:47,565 - aqt.updater - INFO - updater 129293862981760 Patching /home/marc/Qt/6.9.1/gcc_64/lib/libQt6EglFsKmsSupport.prl
2026-07-10 21:19:47,565 - aqt.updater - INFO - updater 129293862981760 Patching /home/marc/Qt/6.9.1/gcc_64/lib/libQt6LabsFolderListModel.prl
2026-07-10 21:19:47,565 - aqt.updater - INFO - updater 129293862981760 Patching /home/marc/Qt/6.9.1/gcc_64/lib/libQt6Designer.prl
2026-07-10 21:19:47,565 - aqt.updater - INFO - updater 129293862981760 Patching /home/marc/Qt/6.9.1/gcc_64/lib/libQt6QuickControlsTestUtils.prl
2026-07-10 21:19:47,566 - aqt.updater - INFO - updater 129293862981760 Patching /home/marc/Qt/6.9.1/gcc_64/lib/libQt6PacketProtocol.prl
2026-07-10 21:19:47,566 - aqt.updater - INFO - updater 129293862981760 Patching /home/marc/Qt/6.9.1/gcc_64/lib/libQt6LabsAnimation.prl
2026-07-10 21:19:47,566 - aqt.updater - INFO - updater 129293862981760 Patching /home/marc/Qt/6.9.1/gcc_64/lib/libQt6QuickControls2ImagineStyleImpl.prl
2026-07-10 21:19:47,566 - aqt.updater - INFO - updater 129293862981760 Patching /home/marc/Qt/6.9.1/gcc_64/lib/libQt6SvgWidgets.prl
2026-07-10 21:19:47,566 - aqt.updater - INFO - updater 129293862981760 Patching /home/marc/Qt/6.9.1/gcc_64/lib/libQt6UiTools.prl
2026-07-10 21:19:47,567 - aqt.updater - INFO - updater 129293862981760 Patching /home/marc/Qt/6.9.1/gcc_64/lib/libQt6WaylandEglClientHwIntegration.prl
2026-07-10 21:19:47,567 - aqt.updater - INFO - updater 129293862981760 Patching /home/marc/Qt/6.9.1/gcc_64/lib/libQt6QmlModels.prl
2026-07-10 21:19:47,567 - aqt.updater - INFO - updater 129293862981760 Patching /home/marc/Qt/6.9.1/gcc_64/lib/libQt6EglFSDeviceIntegration.prl
2026-07-10 21:19:47,567 - aqt.updater - INFO - updater 129293862981760 Patching /home/marc/Qt/6.9.1/gcc_64/lib/libQt6QuickLayouts.prl
2026-07-10 21:19:47,568 - aqt.updater - INFO - updater 129293862981760 Patching /home/marc/Qt/6.9.1/gcc_64/lib/libQt6QuickControls2Fusion.prl
2026-07-10 21:19:47,568 - aqt.updater - INFO - updater 129293862981760 Patching /home/marc/Qt/6.9.1/gcc_64/lib/libQt6QmlWorkerScript.prl
2026-07-10 21:19:47,568 - aqt.updater - INFO - updater 129293862981760 Patching /home/marc/Qt/6.9.1/gcc_64/lib/libQt6QuickControls2Universal.prl
2026-07-10 21:19:47,568 - aqt.updater - INFO - updater 129293862981760 Patching /home/marc/Qt/6.9.1/gcc_64/lib/libQt6QuickDialogs2QuickImpl.prl
2026-07-10 21:19:47,569 - aqt.updater - INFO - updater 129293862981760 Patching /home/marc/Qt/6.9.1/gcc_64/lib/libQt6QmlDom.prl
2026-07-10 21:19:47,569 - aqt.updater - INFO - updater 129293862981760 Patching /home/marc/Qt/6.9.1/gcc_64/lib/libQt6QuickControls2BasicStyleImpl.prl
2026-07-10 21:19:47,569 - aqt.updater - INFO - updater 129293862981760 Patching /home/marc/Qt/6.9.1/gcc_64/lib/libQt6QuickTestUtils.prl
2026-07-10 21:19:47,569 - aqt.updater - INFO - updater 129293862981760 Patching /home/marc/Qt/6.9.1/gcc_64/lib/libQt6Widgets.prl
2026-07-10 21:19:47,570 - aqt.updater - INFO - updater 129293862981760 Patching /home/marc/Qt/6.9.1/gcc_64/lib/libQt6WaylandClient.prl
2026-07-10 21:19:47,570 - aqt.updater - INFO - updater 129293862981760 Patching /home/marc/Qt/6.9.1/gcc_64/lib/libQt6LabsWavefrontMesh.prl
2026-07-10 21:19:47,570 - aqt.updater - INFO - updater 129293862981760 Patching /home/marc/Qt/6.9.1/gcc_64/lib/libQt6Gui.prl
2026-07-10 21:19:47,570 - aqt.updater - INFO - updater 129293862981760 Patching /home/marc/Qt/6.9.1/gcc_64/lib/libQt6QuickVectorImageGenerator.prl
2026-07-10 21:19:47,571 - aqt.updater - INFO - updater 129293862981760 Patching /home/marc/Qt/6.9.1/gcc_64/lib/libQt6QmlMeta.prl
2026-07-10 21:19:47,571 - aqt.updater - INFO - updater 129293862981760 Patching /home/marc/Qt/6.9.1/gcc_64/lib/libQt6QuickDialogs2.prl
2026-07-10 21:19:47,571 - aqt.updater - INFO - updater 129293862981760 Patching /home/marc/Qt/6.9.1/gcc_64/lib/libQt6QmlDebug.prl
2026-07-10 21:19:47,572 - aqt.updater - INFO - updater 129293862981760 Patching /home/marc/Qt/6.9.1/gcc_64/lib/libQt6QuickTest.prl
2026-07-10 21:19:47,572 - aqt.updater - INFO - updater 129293862981760 Patching /home/marc/Qt/6.9.1/gcc_64/lib/libQt6DeviceDiscoverySupport.prl
2026-07-10 21:19:47,572 - aqt.updater - INFO - updater 129293862981760 Patching /home/marc/Qt/6.9.1/gcc_64/lib/libQt6Qml.prl
2026-07-10 21:19:47,572 - aqt.updater - INFO - updater 129293862981760 Patching /home/marc/Qt/6.9.1/gcc_64/lib/libQt6PrintSupport.prl
2026-07-10 21:19:47,573 - aqt.main - INFO - installer 129293862981760 Finished installation
2026-07-10 21:19:47,573 - aqt.main - INFO - installer 129293862981760 Time elapsed: 26.16905553 second
2026-07-10 21:19:47,867 - aqt.main - INFO - installer 135443417985152 aqtinstall(aqt) v3.3.0 on Python 3.12.3 [CPython GCC 13.3.0]
2026-07-10 21:19:47,868 - aqt.main - INFO - installer 135443417985152 Found installed linux-desktop Qt at /home/marc/Qt/6.9.1/gcc_64
2026-07-10 21:19:47,868 - aqt.helper - DEBUG - helper 135443417985152 Attempt to download checksum at https://download.qt.io/online/qtsdkrepository/all_os/wasm/qt6_691/qt6_691_wasm_multithread/Updates.xml.sha256
2026-07-10 21:19:48,920 - aqt.helper - DEBUG - helper 135443417985152 Attempt to download checksum at https://download.qt.io/online/qtsdkrepository/all_os/extensions/qtwebengine/691/wasm_multithread/Updates.xml.sha256
2026-07-10 21:19:49,399 - aqt.helper - DEBUG - helper 135443417985152 Attempt to download checksum at https://download.qt.io/online/qtsdkrepository/all_os/extensions/qtwebengine/691/wasm_multithread/Updates.xml.sha256
2026-07-10 21:19:49,855 - aqt.helper - DEBUG - helper 135443417985152 Attempt to download checksum at https://download.qt.io/online/qtsdkrepository/all_os/extensions/qtwebengine/691/wasm_multithread/Updates.xml.sha256
2026-07-10 21:19:50,318 - aqt.helper - DEBUG - helper 135443417985152 Attempt to download checksum at https://download.qt.io/online/qtsdkrepository/all_os/extensions/qtwebengine/691/wasm_multithread/Updates.xml.sha256
2026-07-10 21:19:50,757 - aqt.helper - DEBUG - helper 135443417985152 Attempt to download checksum at https://download.qt.io/online/qtsdkrepository/all_os/extensions/qtwebengine/691/wasm_multithread/Updates.xml.sha256
2026-07-10 21:19:51,627 - aqt.helper - DEBUG - helper 135443417985152 Attempt to download checksum at https://download.qt.io/online/qtsdkrepository/all_os/extensions/qtpdf/691/wasm_multithread/Updates.xml.sha256
2026-07-10 21:19:52,072 - aqt.helper - DEBUG - helper 135443417985152 Attempt to download checksum at https://download.qt.io/online/qtsdkrepository/all_os/extensions/qtpdf/691/wasm_multithread/Updates.xml.sha256
2026-07-10 21:19:52,584 - aqt.helper - DEBUG - helper 135443417985152 Attempt to download checksum at https://download.qt.io/online/qtsdkrepository/all_os/extensions/qtpdf/691/wasm_multithread/Updates.xml.sha256
2026-07-10 21:19:53,086 - aqt.helper - DEBUG - helper 135443417985152 Attempt to download checksum at https://download.qt.io/online/qtsdkrepository/all_os/extensions/qtpdf/691/wasm_multithread/Updates.xml.sha256
2026-07-10 21:19:53,553 - aqt.helper - DEBUG - helper 135443417985152 Attempt to download checksum at https://download.qt.io/online/qtsdkrepository/all_os/extensions/qtpdf/691/wasm_multithread/Updates.xml.sha256
2026-07-10 21:19:54,250 - aqt.helper - DEBUG - helper 131348506566784 Attempt to download checksum at https://download.qt.io/online/qtsdkrepository/all_os/wasm/qt6_691/qt6_691_wasm_multithread/qt.qt6.691.wasm_multithread/6.9.1-0-202505291653qtbase-Linux-openSUSE_15_6-GCC-Linux-WebAssembly-X86_64.7z.sha256
2026-07-10 21:19:54,251 - aqt.helper - DEBUG - helper 126452300144768 Attempt to download checksum at https://download.qt.io/online/qtsdkrepository/all_os/wasm/qt6_691/qt6_691_wasm_multithread/qt.qt6.691.wasm_multithread/6.9.1-0-202505291653qtsvg-Linux-openSUSE_15_6-GCC-Linux-WebAssembly-X86_64.7z.sha256
2026-07-10 21:19:54,317 - aqt.helper - DEBUG - helper 131372160594048 Attempt to download checksum at https://download.qt.io/online/qtsdkrepository/all_os/wasm/qt6_691/qt6_691_wasm_multithread/qt.qt6.691.wasm_multithread/6.9.1-0-202505291653qtdeclarative-Linux-openSUSE_15_6-GCC-Linux-WebAssembly-X86_64.7z.sha256
2026-07-10 21:19:54,322 - aqt.helper - DEBUG - helper 135010693148800 Attempt to download checksum at https://download.qt.io/online/qtsdkrepository/all_os/wasm/qt6_691/qt6_691_wasm_multithread/qt.qt6.691.wasm_multithread/6.9.1-0-202505291653qttools-Linux-openSUSE_15_6-GCC-Linux-WebAssembly-X86_64.7z.sha256
2026-07-10 21:19:54,703 - aqt.helper - INFO - helper 126452300144768 Downloading qtsvg...
2026-07-10 21:19:54,704 - aqt.installer - DEBUG - installer 126452300144768 Download URL: https://download.qt.io/online/qtsdkrepository/all_os/wasm/qt6_691/qt6_691_wasm_multithread/qt.qt6.691.wasm_multithread/6.9.1-0-202505291653qtsvg-Linux-openSUSE_15_6-GCC-Linux-WebAssembly-X86_64.7z
2026-07-10 21:19:54,722 - aqt.helper - INFO - helper 131348506566784 Downloading qtbase...
2026-07-10 21:19:54,723 - aqt.installer - DEBUG - installer 131348506566784 Download URL: https://download.qt.io/online/qtsdkrepository/all_os/wasm/qt6_691/qt6_691_wasm_multithread/qt.qt6.691.wasm_multithread/6.9.1-0-202505291653qtbase-Linux-openSUSE_15_6-GCC-Linux-WebAssembly-X86_64.7z
2026-07-10 21:19:54,763 - aqt.helper - INFO - helper 131372160594048 Downloading qtdeclarative...
2026-07-10 21:19:54,763 - aqt.installer - DEBUG - installer 131372160594048 Download URL: https://download.qt.io/online/qtsdkrepository/all_os/wasm/qt6_691/qt6_691_wasm_multithread/qt.qt6.691.wasm_multithread/6.9.1-0-202505291653qtdeclarative-Linux-openSUSE_15_6-GCC-Linux-WebAssembly-X86_64.7z
2026-07-10 21:19:54,786 - aqt.helper - INFO - helper 135010693148800 Downloading qttools...
2026-07-10 21:19:54,786 - aqt.installer - DEBUG - installer 135010693148800 Download URL: https://download.qt.io/online/qtsdkrepository/all_os/wasm/qt6_691/qt6_691_wasm_multithread/qt.qt6.691.wasm_multithread/6.9.1-0-202505291653qttools-Linux-openSUSE_15_6-GCC-Linux-WebAssembly-X86_64.7z
2026-07-10 21:19:55,176 - aqt.helper - DEBUG - helper 126452300144768 Asked to redirect(302) to: https://qt.mirror.constant.com/online/qtsdkrepository/all_os/wasm/qt6_691/qt6_691_wasm_multithread/qt.qt6.691.wasm_multithread/6.9.1-0-202505291653qtsvg-Linux-openSUSE_15_6-GCC-Linux-WebAssembly-X86_64.7z
2026-07-10 21:19:55,177 - aqt.helper - INFO - helper 126452300144768 Redirected: qt.mirror.constant.com
2026-07-10 21:19:55,198 - aqt.helper - DEBUG - helper 131348506566784 Asked to redirect(302) to: https://qt.mirror.constant.com/online/qtsdkrepository/all_os/wasm/qt6_691/qt6_691_wasm_multithread/qt.qt6.691.wasm_multithread/6.9.1-0-202505291653qtbase-Linux-openSUSE_15_6-GCC-Linux-WebAssembly-X86_64.7z
2026-07-10 21:19:55,198 - aqt.helper - INFO - helper 131348506566784 Redirected: qt.mirror.constant.com
2026-07-10 21:19:55,233 - aqt.helper - DEBUG - helper 135010693148800 Asked to redirect(302) to: https://qt.mirror.constant.com/online/qtsdkrepository/all_os/wasm/qt6_691/qt6_691_wasm_multithread/qt.qt6.691.wasm_multithread/6.9.1-0-202505291653qttools-Linux-openSUSE_15_6-GCC-Linux-WebAssembly-X86_64.7z
2026-07-10 21:19:55,233 - aqt.helper - INFO - helper 135010693148800 Redirected: qt.mirror.constant.com
2026-07-10 21:19:55,273 - aqt.helper - DEBUG - helper 131372160594048 Asked to redirect(302) to: https://qt.mirror.constant.com/online/qtsdkrepository/all_os/wasm/qt6_691/qt6_691_wasm_multithread/qt.qt6.691.wasm_multithread/6.9.1-0-202505291653qtdeclarative-Linux-openSUSE_15_6-GCC-Linux-WebAssembly-X86_64.7z
2026-07-10 21:19:55,274 - aqt.helper - INFO - helper 131372160594048 Redirected: qt.mirror.constant.com
2026-07-10 21:19:55,447 - aqt.installer - INFO - installer 126452300144768 Finished installation of qtsvg-Linux-openSUSE_15_6-GCC-Linux-WebAssembly-X86_64.7z in 1.19733912
2026-07-10 21:19:55,474 - aqt.helper - DEBUG - helper 126452300144768 Attempt to download checksum at https://download.qt.io/online/qtsdkrepository/all_os/wasm/qt6_691/qt6_691_wasm_multithread/qt.qt6.691.wasm_multithread/6.9.1-0-202505291653qttranslations-Linux-openSUSE_15_6-GCC-Linux-WebAssembly-X86_64.7z.sha256
2026-07-10 21:19:55,847 - aqt.installer - INFO - installer 135010693148800 Finished installation of qttools-Linux-openSUSE_15_6-GCC-Linux-WebAssembly-X86_64.7z in 1.52687839
2026-07-10 21:19:55,991 - aqt.helper - INFO - helper 126452300144768 Downloading qttranslations...
2026-07-10 21:19:55,991 - aqt.installer - DEBUG - installer 126452300144768 Download URL: https://download.qt.io/online/qtsdkrepository/all_os/wasm/qt6_691/qt6_691_wasm_multithread/qt.qt6.691.wasm_multithread/6.9.1-0-202505291653qttranslations-Linux-openSUSE_15_6-GCC-Linux-WebAssembly-X86_64.7z
2026-07-10 21:19:56,456 - aqt.helper - DEBUG - helper 126452300144768 Asked to redirect(302) to: https://qt.mirror.constant.com/online/qtsdkrepository/all_os/wasm/qt6_691/qt6_691_wasm_multithread/qt.qt6.691.wasm_multithread/6.9.1-0-202505291653qttranslations-Linux-openSUSE_15_6-GCC-Linux-WebAssembly-X86_64.7z
2026-07-10 21:19:56,456 - aqt.helper - INFO - helper 126452300144768 Redirected: qt.mirror.constant.com
2026-07-10 21:19:56,981 - aqt.installer - INFO - installer 126452300144768 Finished installation of qttranslations-Linux-openSUSE_15_6-GCC-Linux-WebAssembly-X86_64.7z in 1.50848570
2026-07-10 21:19:59,154 - aqt.installer - INFO - installer 131348506566784 Finished installation of qtbase-Linux-openSUSE_15_6-GCC-Linux-WebAssembly-X86_64.7z in 4.90509665
2026-07-10 21:20:00,716 - aqt.installer - INFO - installer 131372160594048 Finished installation of qtdeclarative-Linux-openSUSE_15_6-GCC-Linux-WebAssembly-X86_64.7z in 6.40089060
2026-07-10 21:20:00,868 - aqt.updater - INFO - updater 135443417985152 Patching /home/marc/Qt/6.9.1/wasm_multithread/bin/qmake
2026-07-10 21:20:00,873 - aqt.updater - INFO - updater 135443417985152 Patching /home/marc/Qt/6.9.1/wasm_multithread/bin/qtpaths
2026-07-10 21:20:00,875 - aqt.updater - INFO - updater 135443417985152 Patching /home/marc/Qt/6.9.1/wasm_multithread/bin/qmake6
2026-07-10 21:20:00,876 - aqt.updater - INFO - updater 135443417985152 Patching /home/marc/Qt/6.9.1/wasm_multithread/bin/qtpaths6
2026-07-10 21:20:00,877 - aqt.updater - INFO - updater 135443417985152 Patching /home/marc/Qt/6.9.1/wasm_multithread/bin/target_qt.conf
2026-07-10 21:20:00,879 - aqt.main - INFO - installer 135443417985152 Finished installation
2026-07-10 21:20:00,879 - aqt.main - INFO - installer 135443417985152 Time elapsed: 13.01167913 second
